Traceback (most recent call last):
  File "/home/runner/work/offshore-wind-rain/offshore-wind-rain/tools/era5.py", line 270, in <module>
    run(int(sys.argv[2]) if len(sys.argv) > 2 else 300)
  File "/home/runner/work/offshore-wind-rain/offshore-wind-rain/tools/era5.py", line 258, in run
    fetch(client, y, deadline)
  File "/home/runner/work/offshore-wind-rain/offshore-wind-rain/tools/era5.py", line 182, in fetch
    a, b = open_nc(fs.result()), open_nc(fp.result()).rename({"u": "u850", "v": "v850"})
                   ^^^^^^^^^^^
  File "/usr/lib/python3.12/concurrent/futures/_base.py", line 456, in result
    return self.__get_result()
           ^^^^^^^^^^^^^^^^^^^
  File "/usr/lib/python3.12/concurrent/futures/_base.py", line 401, in __get_result
    raise self._exception
  File "/usr/lib/python3.12/concurrent/futures/thread.py", line 58, in run
    result = self.fn(*self.args, **self.kwargs)
             ^^^^^^^^^^^^^^^^^^^^^^^^^^^^^^^^^^
  File "/home/runner/work/offshore-wind-rain/offshore-wind-rain/tools/era5.py", line 153, in retrieve_patient
    return retrieve_once(client, dataset, req, tag, downloads)
           ^^^^^^^^^^^^^^^^^^^^^^^^^^^^^^^^^^^^^^^^^^^^^^^^^^^
  File "/home/runner/work/offshore-wind-rain/offshore-wind-rain/tools/era5.py", line 165, in retrieve_once
    client.retrieve(dataset, req, path)
  File "/home/runner/.local/lib/python3.12/site-packages/ecmwf/datastores/legacy_client.py", line 168, in retrieve
    submitted = self.client.submit_and_wait_on_results(
                ^^^^^^^^^^^^^^^^^^^^^^^^^^^^^^^^^^^^^^^
  File "/home/runner/.local/lib/python3.12/site-packages/ecmwf/datastores/client.py", line 431, in submit_and_wait_on_results
    return self._retrieve_api.submit(collection_id, request).get_results()
           ^^^^^^^^^^^^^^^^^^^^^^^^^^^^^^^^^^^^^^^^^^^^^^^^^
  File "/home/runner/.local/lib/python3.12/site-packages/ecmwf/datastores/processing.py", line 754, in submit
    return self.get_process(collection_id).submit(request)
           ^^^^^^^^^^^^^^^^^^^^^^^^^^^^^^^^^^^^^^^^^^^^^^^
  File "/home/runner/.local/lib/python3.12/site-packages/ecmwf/datastores/processing.py", line 317, in submit
    job = Job.from_request(
          ^^^^^^^^^^^^^^^^^
  File "/home/runner/.local/lib/python3.12/site-packages/ecmwf/datastores/processing.py", line 177, in from_request
    cads_raise_for_status(response)
  File "/home/runner/.local/lib/python3.12/site-packages/ecmwf/datastores/processing.py", line 100, in cads_raise_for_status
    raise requests.HTTPError(message, response=response)
requests.exceptions.HTTPError: 403 Client Error: Forbidden for url: https://cds.climate.copernicus.eu/api/retrieve/v1/processes/reanalysis-era5-single-levels/execution
cost limits exceeded
Your request is too large, please reduce your selection.
  single 1992: too large, splitting 01-12
  single 1992: too large, splitting 01-06
  p850 1992: too large, splitting 01-12
  single 1992 01-03: 19.3 MB in 124 min
  p850 1992 01-06: 16.7 MB in 238 min
  single 1992 04-06: 19.0 MB in 219 min
  single 1992: too large, splitting 07-12
  single 1992: too large, splitting 01-12
  single 1992: too large, splitting 01-06
  p850 1992: too large, splitting 01-12
  p850 1992 01-06: 16.7 MB in 0 min
  single 1992 01-03: 19.3 MB in 0 min
  single 1992 04-06: 19.0 MB in 0 min
  single 1992: too large, splitting 07-12
  p850 1992: too large, splitting 01-12
  p850 1992 01-06: 16.7 MB, fetched by an earlier run
  single 1992: too large, splitting 01-12
  single 1992: too large, splitting 01-06
  single 1992 01-03: 19.3 MB, fetched by an earlier run
  single 1992 04-06: 19.0 MB, fetched by an earlier run
  single 1992: too large, splitting 07-12
  p850 1992 07-12: 17.0 MB in 0 min
  single 1992 07-09: 19.8 MB in 0 min
  single 1992 10-12: 20.1 MB in 201 min
year 1992 fetched: 8784 hours
year 1991 processed: 282 gauge cells, 55 farm cells, 365 days
  single 1993: too large, splitting 01-12
  p850 1993: too large, splitting 01-12
  single 1993: too large, splitting 01-06
  p850 1993 01-06: 16.7 MB in 154 min
  p850 1993: too large, splitting 01-12
  p850 1993 01-06: 16.7 MB, fetched by an earlier run
  single 1993: too large, splitting 01-12
  single 1993: too large, splitting 01-06
  single 1993 01-03: the same request is already at CDS (accepted); waiting for it
  single 1993 01-03: 19.0 MB in 145 min
  p850 1993 07-12: 17.1 MB in 264 min
time budget used: stopping before single 1993 04-06 (still accepted at CDS; the next run waits for the same request); finished downloads are kept for the next run
years done: 1991
  p850 1993: too large, splitting 01-12
  p850 1993 01-06: 16.7 MB, fetched by an earlier run
  p850 1993 07-12: 17.1 MB, fetched by an earlier run
  single 1993: too large, splitting 01-12
  single 1993: too large, splitting 01-06
  single 1993 01-03: 19.0 MB, fetched by an earlier run
  single 1993 04-06: waiting for the request an earlier run left at CDS (accepted)
  single 1993 04-06: 19.2 MB in 40 min
  single 1993: too large, splitting 07-12
  single 1993 07-09: 20.0 MB in 125 min
  single 1993 10-12: 20.1 MB in 125 min
year 1993 fetched: 8760 hours
year 1992 processed: 282 gauge cells, 55 farm cells, 366 days
time budget used: stopping before single 1994 01-12; finished downloads are kept for the next run
years done: 1991,1992
  p850 1994: too large, splitting 01-12
  single 1994: too large, splitting 01-12
  single 1994: too large, splitting 01-06
  p850 1994 01-06: 16.8 MB in 99 min
  single 1994 01-03: 19.5 MB in 206 min
  p850 1994 07-12: 17.0 MB in 224 min
time budget used: stopping before single 1994 04-06 (still accepted at CDS; the next run waits for the same request); finished downloads are kept for the next run
years done: 1991,1992
